<html>
<body>
<pre>
<h1>礦ision Build Log</h1>
<h2>Tool Versions:</h2>
IDE-Version: μVision V5.14.0.0
Copyright (C) 2015 ARM Ltd and ARM Germany GmbH. All rights reserved.
License Information: b lx, b, LIC=AK1CX-HIU87-065QU-S2KL9-0UQX0-5D4N0
 
Tool Versions:
Toolchain:       MDK-ARM Professional  Version: 5.14.0.0
Toolchain Path:  D:\Keil_v5\ARM\ARMCC\Bin
C Compiler:      Armcc.exe V5.05 update 1 (build 106)
Assembler:       Armasm.exe V5.05 update 1 (build 106)
Linker/Locator:  ArmLink.exe V5.05 update 1 (build 106)
Library Manager: ArmAr.exe V5.05 update 1 (build 106)
Hex Converter:   FromElf.exe V5.05 update 1 (build 106)
CPU DLL:         SARMCM3.DLL V5.14.0.0
Dialog DLL:      DCM.DLL V1.13.1.0
Target DLL:      STLink\ST-LINKIII-KEIL_SWO.dll V2.0.14.0_KEIL
Dialog DLL:      TCM.DLL V1.14.4.0
 
<h2>Project:</h2>
C:\Users\blx\Desktop\RM19\RM2019-Group8\下位机\Tempate.uvprojx
Project File Date:  08/10/2019

<h2>Output:</h2>
Build target 'Project'
compiling main.c...
compiling stm32f4xx_it.c...
compiling User.c...
compiling Machine_Arm.c...
compiling Manifold.c...
compiling Tasks.c...
compiling Algorithm.c...
compiling PID.c...
compiling oled.c...
compiling PWM.c...
compiling Remote.c...
compiling Motor.c...
compiling Odometer.c...
compiling Referee_Decode.c...
compiling Random.c...
compiling LED.c...
compiling IIC2.c...
compiling Key.c...
compiling Beep.c...
compiling Power.c...
compiling Laser.c...
compiling ADC.c...
compiling CAN.c...
compiling DAC.c...
compiling STM_Flash.c...
compiling TIM.c...
compiling SPI.c...
compiling USART.c...
compiling Decrypt.c...
compiling Encrypt.c...
compiling System_Config.c...
linking...
Program Size: Code=44284 RO-data=4036 RW-data=316 ZI-data=114732  
FromELF: creating hex file...
".\OBJ\Tempate.axf" - 0 Error(s), 0 Warning(s).

<h2>Collection of Component include folders:</h2>
  C:\Users\blx\Desktop\RM19\RM2019-Group8\下位机\RTE
  D:\Keil_v5\ARM\PACK\Keil\STM32F4xx_DFP\2.13.0

<h2>Collection of Component Files used:</h2>
</pre>
</body>
</html>
